madoka
madoka
madoka
madoka
madoka
madoka
madoka
madoka
madoka
madoka
madoka
madoka
madoka
madoka
madoka
madoka
madoka
madoka
madoka
madoka
madoka
madoka
madoka
madoka
madoka
madoka
madoka
madoka
madoka
madoka
madoka
madoka
madoka
madoka
madoka
madoka
madoka
madoka
madoka
madoka
madoka
madoka
madoka
madoka
madoka
madoka
madoka
madoka
madoka
madoka
madoka
madoka
madoka
madoka
madoka
madoka
madoka
madoka
madoka
madoka
madoka
madoka
madoka
madoka
madoka
madoka
madoka
madoka
madoka
madoka
madoka
madoka
madoka
madoka
madoka
madoka
madoka
madoka
madoka
madoka
madoka
madoka
madoka
madoka
madoka
madoka
madoka
madoka
madoka
madoka
madoka
madoka
madoka
madoka
madoka
madoka
madoka
madoka
madoka
madoka
madoka
madoka
madoka
madoka
madoka
madoka
madoka
madoka
madoka
madoka
madoka
madoka
madoka
madoka
madoka
madoka
madoka
madoka
madoka
madoka
madoka
madoka
madoka
madoka
madoka
madoka
madoka
madoka
madoka
madoka
madoka
madoka
madoka
madoka
madoka
madoka
madoka
madoka
madoka
madoka
madoka
madoka
madoka
madoka
madoka
madoka
madoka
madoka
madoka
madoka
madoka
madoka
madoka
madoka
madoka
madoka
madoka
madoka
madoka
madoka
madoka
madoka
madoka
madoka
madoka
madoka
madoka
madoka
madoka
madoka
madoka
madoka
madoka
madoka
madoka
madoka
madoka
madoka
madoka
madoka
madoka
madoka
madoka
madoka
madoka
madoka
madoka
madoka
madoka
madoka
madoka
Baozika
madoka
madoka
madoka
madoka
madoka
madoka
madoka
madoka
madoka
madoka
madoka
madoka
madoka
madoka
madoka
madoka
madoka
madoka
madoka
madoka
madoka
madoka
madoka
madoka
madoka
madoka
madoka
madoka
madoka
madoka
madoka
madoka
madoka
madoka
madoka
madoka
madoka
madoka
madoka
madoka
madoka
madoka
madoka
madoka
madoka
madoka
madoka
madoka
madoka
madoka
madoka
madoka
madoka
madoka
madoka
madoka
madoka
madoka
madoka
madoka
madoka
madoka
madoka
madoka
madoka
madoka
madoka
madoka
madoka
madoka
madoka
madoka
madoka
madoka
madoka
madoka
madoka
madoka
madoka
madoka
madoka
madoka
madoka
madoka
madoka
madoka
madoka
madoka
madoka
madoka
madoka
madoka
madoka
madoka
madoka
madoka
madoka
madoka
madoka
madoka
madoka
madoka
madoka
madoka
madoka
madoka
madoka
madoka
madoka
madoka
madoka
madoka
madoka
madoka
madoka
madoka
madoka
madoka
madoka
Baozika
madoka
madoka
madoka
madoka
madoka
madoka
madoka
madoka
madoka
madoka
madoka
madoka
madoka
madoka
madoka
madoka
madoka
madoka
madoka
madoka
madoka
madoka
madoka
madoka
madoka
madoka
madoka
madoka
madoka
madoka
madoka
madoka
madoka
madoka
madoka
madoka
madoka
madoka
madoka
madoka
madoka
madoka
madoka
madoka
madoka
madoka
madoka
madoka
madoka
madoka
madoka
madoka
madoka
madoka
madoka
madoka
madoka
madoka
madoka
madoka
madoka
madoka
madoka
madoka
madoka
madoka
madoka
madoka
madoka
madoka
madoka
madoka
madoka
madoka
madoka
madoka
madoka
madoka
madoka
madoka
madoka
madoka
madoka
Baozika
madoka
madoka
madoka
madoka
madoka
madoka
madoka
madoka
madoka
madoka
madoka
madoka
madoka
madoka
madoka
madoka
madoka
madoka
madoka
madoka
madoka
madoka
madoka
madoka
madoka
madoka
madoka
madoka
madoka
madoka
madoka
madoka
madoka
madoka
madoka
madoka
madoka
madoka
madoka
madoka
madoka
madoka
madoka
madoka
madoka
madoka
madoka
madoka
madoka
madoka
madoka
madoka
madoka
madoka
madoka
madoka
madoka
madoka
madoka
madoka
madoka
madoka
madoka
madoka
madoka
madoka
madoka
madoka
madoka
madoka
madoka
madoka
madoka
madoka
madoka
madoka
madoka
madoka
madoka
madoka
madoka
madoka
madoka
madoka
madoka
madoka
madoka
madoka
madoka
madoka
madoka
madoka
madoka
madoka
madoka
madoka
madoka
madoka
madoka
madoka
madoka
madoka
madoka
madoka
madoka
madoka
madoka
madoka
madoka
madoka
madoka
madoka
madoka
madoka
madoka
madoka
madoka
madoka
madoka
madoka
madoka
madoka
madoka
madoka
madoka
madoka
madoka
madoka
madoka
madoka
madoka
madoka
madoka
madoka
madoka
madoka
madoka
madoka
madoka
madoka
madoka
madoka
madoka
madoka
madoka
madoka
madoka
madoka
madoka
madoka
madoka
madoka
madoka
madoka
madoka
madoka
madoka
Baozika
madoka
madoka
madoka
madoka
madoka
madoka
madoka
madoka
madoka
madoka
madoka
madoka
madoka
madoka
madoka
madoka
madoka
madoka
madoka
madoka
madoka
madoka
madoka
madoka
madoka
madoka
madoka
madoka
madoka
madoka
madoka
madoka
madoka
madoka
madoka
madoka
madoka
madoka
madoka
madoka
madoka
madoka
madoka
madoka
madoka
madoka
madoka
madoka
madoka
madoka
madoka
madoka
madoka
madoka
madoka
madoka
madoka
madoka
madoka
madoka
madoka
madoka
madoka
madoka
madoka
madoka
madoka
madoka
madoka
madoka
madoka
madoka
madoka
madoka
madoka
madoka
madoka
madoka
madoka
madoka
madoka
madoka
madoka
madoka
madoka
madoka
madoka
madoka
madoka
madoka
madoka
madoka
madoka
madoka
madoka
madoka
madoka
madoka
madoka
madoka
madoka
madoka
madoka
madoka
madoka
madoka
madoka
madoka
madoka
madoka
madoka
madoka
madoka
madoka
madoka
madoka
madoka
madoka
madoka
madoka
madoka
madoka
madoka
madoka
madoka
madoka
madoka
madoka
Baozika
madoka
madoka
madoka
madoka
madoka
madoka
madoka
madoka
madoka
madoka
madoka
madoka
madoka
madoka
madoka
madoka
madoka
madoka
madoka
madoka
madoka
madoka
madoka
madoka
madoka
madoka
madoka
madoka
madoka
madoka
madoka
madoka
madoka
madoka
madoka
madoka
madoka
madoka
madoka
madoka
madoka
madoka
madoka
madoka
madoka
madoka
madoka
madoka
madoka
madoka
madoka
madoka
madoka
madoka
madoka
madoka
madoka
madoka
madoka
madoka
madoka
madoka
madoka
madoka
madoka
madoka
madoka
madoka
madoka
madoka
madoka
madoka
madoka
madoka
madoka
madoka
madoka
madoka
madoka
madoka
madoka
madoka
madoka
madoka
madoka
madoka
madoka
madoka
madoka
madoka
madoka
madoka
madoka
madoka
madoka
madoka
madoka
madoka
madoka
madoka
madoka
madoka
madoka
madoka
madoka
madoka
madoka
madoka
madoka
madoka
madoka
madoka
madoka
madoka
madoka
madoka
madoka
madoka
madoka
madoka
madoka
madoka
madoka
madoka
madoka
madoka
madoka
madoka
madoka
madoka
madoka
madoka
madoka
madoka
madoka
madoka
madoka
madoka
madoka
madoka
madoka
madoka
madoka
madoka
madoka
madoka
madoka
madoka
madoka
madoka
madoka
madoka
madoka
madoka
madoka
madoka
madoka
madoka
madoka
madoka
madoka
madoka
madoka
madoka
madoka
madoka
madoka
madoka
madoka
madoka
madoka
madoka
madoka
madoka
madoka
madoka
madoka
madoka
madoka
madoka
madoka
madoka
madoka
madoka
madoka
madoka
madoka
madoka
madoka
madoka
madoka
madoka
madoka
madoka
madoka
madoka
madoka
madoka
madoka
madoka
madoka
madoka
madoka
madoka
madoka
madoka
madoka
madoka
madoka
madoka
madoka
madoka
madoka
madoka
madoka
madoka
madoka
madoka
madoka
madoka
madoka
madoka
madoka
madoka
madoka
madoka
madoka
madoka
madoka
Baozika
madoka
madoka
madoka
madoka
madoka
madoka
madoka
madoka
madoka
madoka
madoka
madoka
madoka
madoka
madoka
madoka
madoka
madoka
madoka
madoka
madoka
madoka
madoka
madoka
madoka
madoka
madoka
madoka
madoka
madoka
madoka
madoka
madoka
madoka
madoka
madoka
madoka
madoka
madoka
madoka
madoka
madoka
madoka
madoka
madoka
madoka
madoka
madoka
madoka
madoka
madoka
madoka
madoka
madoka
madoka
madoka
madoka
madoka
madoka
madoka
madoka
madoka
madoka
madoka
madoka
madoka
madoka
madoka
madoka
madoka
madoka
madoka
madoka
madoka
madoka
madoka
madoka
madoka
madoka
madoka
madoka
madoka
madoka
madoka
madoka
madoka
madoka
madoka
madoka
madoka
madoka
madoka
madoka
madoka
madoka
madoka
madoka
madoka
madoka
madoka
Baozika
madoka
madoka
madoka
madoka
madoka
madoka
madoka
madoka
madoka
madoka
madoka
madoka
madoka
madoka
madoka
madoka
madoka
madoka
madoka
madoka
madoka
madoka
madoka
madoka
madoka
madoka
madoka
madoka
madoka
madoka
madoka
madoka
madoka
madoka
madoka
madoka
madoka
madoka
madoka
madoka
madoka
madoka
madoka
madoka
madoka
madoka
madoka
madoka
madoka
madoka
madoka
madoka
madoka
madoka
madoka
madoka
madoka
madoka
madoka
madoka
madoka
madoka
madoka
madoka
madoka
madoka
madoka
madoka
madoka
madoka
madoka
madoka
madoka
madoka
madoka
madoka
madoka
madoka
madoka
madoka
madoka
madoka
madoka
madoka
madoka
madoka
madoka
madoka
madoka
madoka
madoka
madoka
madoka
madoka
madoka
madoka
madoka
madoka
madoka
madoka
madoka
madoka
madoka
madoka
madoka
madoka
madoka
madoka
madoka
madoka
madoka
madoka
madoka
madoka
madoka
madoka
madoka
madoka
madoka
madoka
madoka
madoka
madoka
madoka
madoka
madoka
madoka
madoka
madoka
madoka
madoka
madoka
madoka
madoka
madoka
madoka
madoka
madoka
madoka
madoka
madoka
madoka
madoka
madoka
madoka
madoka
madoka
madoka
madoka
madoka
madoka
madoka
madoka
madoka
madoka
madoka
madoka
madoka
madoka
madoka
madoka
madoka
madoka
madoka
madoka
madoka
madoka
madoka
madoka
madoka
madoka
madoka
madoka
madoka
madoka
madoka
madoka
madoka
madoka
madoka
madoka
madoka
madoka
madoka
madoka
madoka
madoka
madoka
madoka
madoka
madoka
madoka
madoka
madoka
madoka
madoka
madoka
madoka
madoka
madoka
madoka
madoka
madoka
madoka
madoka
madoka
madoka
madoka
madoka
madoka
madoka
madoka
madoka
madoka
madoka
madoka
madoka
madoka
madoka
madoka
madoka
madoka
madoka
madoka
madoka
madoka
madoka
madoka
madoka
madoka
madoka
madoka
madoka
madoka
madoka
madoka
madoka
madoka
madoka
madoka
madoka
madoka
madoka
madoka
madoka
madoka
madoka
madoka
madoka
madoka
madoka
madoka
madoka
madoka
madoka
madoka
madoka
madoka
madoka
madoka
madoka
madoka
madoka
madoka
madoka
madoka
madoka
madoka
madoka
madoka
madoka
madoka
madoka
madoka
madoka
madoka
madoka
madoka
madoka
madoka
madoka
madoka
madoka
madoka
madoka
madoka
madoka
madoka
madoka
madoka
madoka
madoka
madoka
madoka
madoka
madoka
madoka
madoka
madoka
madoka
madoka
madoka
madoka
madoka
madoka
madoka
madoka
madoka
madoka
madoka
madoka
madoka
madoka
madoka
madoka
madoka
madoka
madoka
madoka
madoka
madoka
madoka
madoka
madoka
madoka
madoka
madoka
madoka
madoka
madoka
madoka
madoka
madoka
madoka
madoka
madoka
madoka
madoka
madoka
madoka
madoka
madoka
madoka
madoka
madoka
madoka
madoka
madoka
madoka
madoka
madoka
madoka
madoka
madoka
madoka
madoka
madoka
madoka
madoka
madoka
madoka
madoka
madoka
madoka
madoka
madoka
madoka
madoka
madoka
madoka
madoka
madoka
madoka
madoka
madoka
madoka
madoka
madoka
madoka
madoka
madoka
madoka
madoka
madoka
madoka
madoka
madoka
madoka
madoka
madoka
madoka
madoka
madoka
madoka
madoka
madoka
madoka
madoka
madoka
madoka
madoka
madoka
madoka
madoka
madoka
madoka
madoka
madoka
madoka
madoka
madoka
madoka
madoka
madoka
madoka
madoka
madoka
madoka
madoka
madoka
madoka
madoka
madoka
madoka
madoka
madoka
madoka
madoka
madoka
madoka
madoka
madoka
madoka
madoka
madoka
madoka
madoka
madoka
madoka
madoka
madoka
madoka
madoka
madoka
madoka
madoka
madoka
madoka
madoka
madoka
madoka
madoka
madoka
madoka
madoka
madoka
madoka
madoka
madoka
madoka
madoka
madoka
madoka
madoka
madoka
madoka
madoka
madoka
madoka
madoka
madoka
Baozika
madoka
madoka
madoka
madoka
Baozika
madoka
madoka
madoka
madoka
madoka
madoka
madoka
madoka
madoka
madoka
madoka
madoka
madoka
madoka
madoka
madoka
madoka
madoka
madoka
madoka
madoka
madoka
madoka
madoka
madoka
madoka
madoka
madoka
madoka
madoka
madoka
madoka
madoka
madoka
madoka
madoka
madoka
madoka
madoka
madoka
madoka
madoka
madoka
madoka
madoka
madoka
madoka
madoka
madoka
madoka
madoka
madoka
madoka
madoka
madoka
madoka
madoka
madoka
madoka
madoka
madoka
madoka
madoka
madoka
madoka
madoka
madoka
madoka
madoka
madoka
madoka
madoka
madoka
Baozika
madoka
madoka
Baozika
madoka
madoka
madoka
madoka
madoka
madoka
madoka
madoka
madoka
madoka
madoka
madoka
Baozika
madoka
madoka
madoka
madoka
madoka
madoka
madoka
madoka
madoka
madoka
madoka
madoka
madoka
madoka
madoka
madoka
madoka
madoka
madoka
madoka
madoka
madoka
madoka
madoka
madoka
madoka
madoka
madoka
madoka
madoka
madoka
madoka
madoka
madoka
madoka
madoka
madoka
madoka
madoka
madoka
madoka
madoka
madoka
madoka
madoka
madoka
madoka
madoka
madoka
madoka
madoka
madoka
madoka
madoka
madoka
madoka
madoka
madoka
madoka
madoka
madoka
madoka
madoka
madoka
madoka
madoka
madoka
madoka
madoka
madoka
madoka
madoka
madoka
madoka
madoka
madoka
madoka
madoka
madoka
madoka
madoka
madoka
madoka
madoka
madoka
madoka
madoka
madoka
madoka
madoka
madoka
madoka
madoka
madoka
madoka
madoka
madoka
madoka
madoka
madoka
madoka
madoka
madoka
madoka
madoka
madoka
madoka
madoka
madoka
madoka
madoka
madoka
madoka
madoka
madoka
madoka
madoka
madoka
madoka
madoka
madoka
madoka
madoka
madoka
madoka
madoka
madoka
madoka
madoka
madoka
madoka
madoka
madoka
madoka
madoka
madoka
madoka
madoka
madoka
madoka
madoka
madoka
madoka
madoka
madoka
madoka
madoka
madoka
madoka
madoka
madoka
madoka
madoka
madoka
madoka
madoka
madoka
madoka
madoka
madoka
madoka
madoka
madoka
madoka
madoka
madoka
madoka
madoka
madoka
madoka
madoka
madoka
madoka
madoka
madoka
madoka
madoka
madoka
madoka
madoka
madoka
madoka
madoka
madoka
madoka
madoka
madoka
madoka
madoka
madoka
madoka
madoka
madoka
madoka
madoka
madoka
madoka
madoka
madoka
madoka
madoka
madoka
madoka
madoka
madoka
madoka
madoka
madoka
madoka
madoka
madoka
madoka
madoka
madoka
madoka
madoka
madoka
madoka
madoka
madoka
madoka
madoka
madoka
madoka
madoka
madoka
madoka
madoka
madoka
madoka
madoka
madoka
madoka
madoka
madoka
madoka
Baozika
madoka
madoka
madoka
madoka
madoka
madoka
madoka
madoka
madoka
madoka
madoka
madoka
madoka
madoka
madoka
madoka
madoka
madoka
madoka
madoka
madoka
madoka
madoka
madoka
madoka
madoka
madoka
madoka
madoka
madoka
madoka
madoka
madoka
madoka
madoka
madoka
madoka
madoka
madoka
madoka
madoka
madoka
madoka
madoka
madoka
madoka
madoka
madoka
madoka
madoka
madoka
madoka
madoka
madoka
madoka
madoka
madoka
madoka
madoka
madoka
madoka
madoka
madoka
madoka
madoka
madoka
madoka
madoka
madoka
madoka
madoka
madoka
madoka
madoka
madoka
madoka
madoka
madoka
madoka
madoka
madoka
madoka
madoka
madoka
madoka
madoka
madoka
madoka
madoka
madoka
madoka
madoka
madoka
madoka
madoka
madoka
madoka
madoka
madoka
madoka
madoka
madoka
madoka
madoka
madoka
madoka
madoka
madoka
madoka
madoka
madoka
madoka
madoka
madoka
madoka
madoka
madoka
madoka
madoka
madoka
madoka
madoka
madoka
madoka
madoka
madoka
madoka
madoka
madoka
madoka
madoka
madoka
madoka
madoka
madoka
madoka
madoka
madoka
madoka
madoka
madoka
madoka
madoka
madoka
madoka
madoka
madoka
madoka
madoka
madoka
madoka
madoka
madoka
madoka
madoka
madoka
madoka
madoka
madoka
madoka
madoka
madoka
madoka
madoka
madoka
madoka
madoka
madoka
madoka
madoka
madoka
madoka
madoka
madoka
madoka
madoka
Baozika
madoka
madoka
madoka
madoka
madoka
madoka
madoka
madoka
madoka
madoka
madoka
madoka
madoka
madoka
madoka
madoka
madoka
madoka
madoka
madoka
madoka
madoka
madoka
madoka
madoka
madoka
madoka
madoka
Baozika
madoka
madoka
madoka
madoka
madoka
madoka
madoka
madoka
madoka
madoka
madoka
madoka
madoka
madoka
madoka
madoka
madoka
madoka
madoka
madoka
madoka
madoka
madoka
madoka
madoka
madoka
madoka
madoka
madoka
madoka
madoka
madoka
madoka
madoka
madoka
madoka
madoka
madoka
madoka
madoka
madoka
madoka
madoka
madoka
madoka
madoka
madoka
madoka
madoka
madoka
madoka
madoka
madoka
madoka
madoka
madoka
madoka
madoka
madoka
madoka
madoka
madoka
madoka
madoka
madoka
madoka
madoka
madoka
madoka
madoka
madoka
madoka
madoka
madoka
madoka
madoka
madoka
madoka
madoka
madoka
madoka
madoka
madoka
madoka
madoka
madoka
